// Jest Snapshot v1, https://goo.gl/fbAQLP

exports[`CountryPicker snapshot test 1`] = `
<div
  aria-owns={null}
  className="MuiAutocomplete-root MuiAutocomplete-fullWidth MuiAutocomplete-hasClearIcon MuiAutocomplete-hasPopupIcon autocomplete css-12szb0g-MuiAutocomplete-root"
  onClick={[Function]}
  onKeyDown={[Function]}
  onMouseDown={[Function]}
  variant="filled"
>
  <div
    className="MuiFormControl-root MuiFormControl-fullWidth MuiTextField-root css-wb57ya-MuiFormControl-root-MuiTextField-root"
  >
    <label
      className="MuiFormLabel-root MuiInputLabel-root MuiInputLabel-formControl MuiInputLabel-animated MuiInputLabel-sizeSmall MuiInputLabel-outlined MuiFormLabel-colorPrimary MuiInputLabel-root MuiInputLabel-formControl MuiInputLabel-animated MuiInputLabel-sizeSmall MuiInputLabel-outlined css-1pysi21-MuiFormLabel-root-MuiInputLabel-root"
      data-shrink={false}
      htmlFor=":r0:"
      id=":r0:-label"
    >
      Select a country
    </label>
    <div
      className="MuiInputBase-root MuiOutlinedInput-root MuiInputBase-colorPrimary MuiInputBase-fullWidth MuiInputBase-formControl MuiInputBase-sizeSmall MuiInputBase-adornedEnd MuiAutocomplete-inputRoot css-154xyx0-MuiInputBase-root-MuiOutlinedInput-root"
      onClick={[Function]}
    >
      <input
        aria-activedescendant={null}
        aria-autocomplete="list"
        aria-expanded={false}
        aria-invalid={false}
        autoCapitalize="none"
        autoComplete="off"
        autoFocus={false}
        className="MuiInputBase-input MuiOutlinedInput-input MuiInputBase-inputSizeSmall MuiInputBase-inputAdornedEnd MuiAutocomplete-input MuiAutocomplete-inputFocused css-19qh8xo-MuiInputBase-input-MuiOutlinedInput-input"
        disabled={false}
        id=":r0:"
        onAnimationStart={[Function]}
        onBlur={[Function]}
        onChange={[Function]}
        onFocus={[Function]}
        onMouseDown={[Function]}
        readOnly={false}
        required={false}
        role="combobox"
        spellCheck="false"
        type="text"
        value=""
      />
      <div
        className="MuiAutocomplete-endAdornment css-1q60rmi-MuiAutocomplete-endAdornment"
      >
        <button
          aria-label="Clear"
          className="MuiButtonBase-root MuiIconButton-root MuiIconButton-sizeMedium MuiAutocomplete-clearIndicator css-1glvl0p-MuiButtonBase-root-MuiIconButton-root-MuiAutocomplete-clearIndicator"
          disabled={false}
          onBlur={[Function]}
          onClick={[Function]}
          onContextMenu={[Function]}
          onDragLeave={[Function]}
          onFocus={[Function]}
          onKeyDown={[Function]}
          onKeyUp={[Function]}
          onMouseDown={[Function]}
          onMouseLeave={[Function]}
          onMouseUp={[Function]}
          onTouchEnd={[Function]}
          onTouchMove={[Function]}
          onTouchStart={[Function]}
          tabIndex={-1}
          title="Clear"
          type="button"
        >
          <svg
            aria-hidden={true}
            className="MuiSvgIcon-root MuiSvgIcon-fontSizeSmall css-ptiqhd-MuiSvgIcon-root"
            data-testid="CloseIcon"
            focusable="false"
            viewBox="0 0 24 24"
          >
            <path
              d="M19 6.41L17.59 5 12 10.59 6.41 5 5 6.41 10.59 12 5 17.59 6.41 19 12 13.41 17.59 19 19 17.59 13.41 12z"
            />
          </svg>
        </button>
        <button
          aria-label="Open"
          className="MuiButtonBase-root MuiIconButton-root MuiIconButton-sizeMedium MuiAutocomplete-popupIndicator css-qzbt6i-MuiButtonBase-root-MuiIconButton-root-MuiAutocomplete-popupIndicator"
          disabled={false}
          onBlur={[Function]}
          onClick={[Function]}
          onContextMenu={[Function]}
          onDragLeave={[Function]}
          onFocus={[Function]}
          onKeyDown={[Function]}
          onKeyUp={[Function]}
          onMouseDown={[Function]}
          onMouseLeave={[Function]}
          onMouseUp={[Function]}
          onTouchEnd={[Function]}
          onTouchMove={[Function]}
          onTouchStart={[Function]}
          tabIndex={-1}
          title="Open"
          type="button"
        >
          <svg
            aria-hidden={true}
            className="MuiSvgIcon-root MuiSvgIcon-fontSizeMedium css-i4bv87-MuiSvgIcon-root"
            data-testid="ArrowDropDownIcon"
            focusable="false"
            viewBox="0 0 24 24"
          >
            <path
              d="M7 10l5 5 5-5z"
            />
          </svg>
        </button>
      </div>
      <fieldset
        aria-hidden={true}
        className="MuiOutlinedInput-notchedOutline css-1d3z3hw-MuiOutlinedInput-notchedOutline"
      >
        <legend
          className="css-yjsfm1"
        >
          <span>
            Select a country
          </span>
        </legend>
      </fieldset>
    </div>
  </div>
</div>
`;
